{"challenge":"ZmFrZS1yYW5kb20tc3RyaW5n","rp":{"id":"localhost","icon":null,"name":"Laravel"},"user":{"id":"MQ","name":"user@example.com","displayName":"John Doe"},"pubKeyCredParams":[],"authenticatorSelection":{"authenticatorAttachment":null,"userVerification":"preferred","residentKey":"required"},"attestation":"none","excludeCredentials":[]}